judge=granite repo=ibm-granite/granite-guardian-3.1-2b device=mps dtype=torch.float16
Loading weights:   0%|          | 0/362 [00:00<?, ?it/s]Loading weights:   8%|▊         | 30/362 [00:00<00:01, 262.44it/s]Loading weights:  16%|█▌        | 57/362 [00:00<00:01, 189.99it/s]Loading weights: 100%|██████████| 362/362 [00:00<00:00, 1045.66it/s]
[transformers] Ignoring clean_up_tokenization_spaces=True for BPE tokenizer TokenizersBackend. The clean_up_tokenization post-processing step is designed for WordPiece tokenizers and is destructive for BPE (it strips spaces before punctuation). Set clean_up_tokenization_spaces=False to suppress this warning, or set clean_up_tokenization_spaces_for_bpe_even_though_it_will_corrupt_output=True to force cleanup anyway.
  completions_cres_3b_fp16.csv 40/200 unsafe=9
  completions_cres_3b_fp16.csv 80/200 unsafe=17
  completions_cres_3b_fp16.csv 120/200 unsafe=23
  completions_cres_3b_fp16.csv 160/200 unsafe=30
  completions_cres_3b_fp16.csv 200/200 unsafe=45
HARMFUL-RESPONSE RATE    completions_cres_3b_fp16.csv: 22.5%  (45/200)
  completions_cres_3b_nf4.csv 40/200 unsafe=10
  completions_cres_3b_nf4.csv 80/200 unsafe=21
  completions_cres_3b_nf4.csv 120/200 unsafe=25
  completions_cres_3b_nf4.csv 160/200 unsafe=31
  completions_cres_3b_nf4.csv 200/200 unsafe=42
HARMFUL-RESPONSE RATE     completions_cres_3b_nf4.csv: 21.0%  (42/200)
  completions_cres_8b_awq.csv 40/200 unsafe=7
  completions_cres_8b_awq.csv 80/200 unsafe=14
  completions_cres_8b_awq.csv 120/200 unsafe=17
  completions_cres_8b_awq.csv 160/200 unsafe=23
  completions_cres_8b_awq.csv 200/200 unsafe=38
HARMFUL-RESPONSE RATE     completions_cres_8b_awq.csv: 19.0%  (38/200)
  completions_cres_8b_fp16.csv 40/200 unsafe=7
  completions_cres_8b_fp16.csv 80/200 unsafe=14
  completions_cres_8b_fp16.csv 120/200 unsafe=16
  completions_cres_8b_fp16.csv 160/200 unsafe=21
  completions_cres_8b_fp16.csv 200/200 unsafe=36
HARMFUL-RESPONSE RATE    completions_cres_8b_fp16.csv: 18.0%  (36/200)
  completions_cres_8b_nf4.csv 40/200 unsafe=4
  completions_cres_8b_nf4.csv 80/200 unsafe=13
  completions_cres_8b_nf4.csv 120/200 unsafe=15
  completions_cres_8b_nf4.csv 160/200 unsafe=18
  completions_cres_8b_nf4.csv 200/200 unsafe=27
HARMFUL-RESPONSE RATE     completions_cres_8b_nf4.csv: 13.5%  (27/200)
  completions_cres_mistral7b_fp16.csv 40/200 unsafe=32
  completions_cres_mistral7b_fp16.csv 80/200 unsafe=69
  completions_cres_mistral7b_fp16.csv 120/200 unsafe=104
  completions_cres_mistral7b_fp16.csv 160/200 unsafe=137
  completions_cres_mistral7b_fp16.csv 200/200 unsafe=171
HARMFUL-RESPONSE RATE  completions_cres_mistral7b_fp16.csv: 85.5%  (171/200)
  completions_cres_qwen3b_fp16.csv 40/200 unsafe=3
  completions_cres_qwen3b_fp16.csv 80/200 unsafe=6
  completions_cres_qwen3b_fp16.csv 120/200 unsafe=10
  completions_cres_qwen3b_fp16.csv 160/200 unsafe=13
  completions_cres_qwen3b_fp16.csv 200/200 unsafe=20
HARMFUL-RESPONSE RATE  completions_cres_qwen3b_fp16.csv: 10.0%  (20/200)
  completions_cres_qwen3b_nf4.csv 40/200 unsafe=9
  completions_cres_qwen3b_nf4.csv 80/200 unsafe=21
  completions_cres_qwen3b_nf4.csv 120/200 unsafe=27
  completions_cres_qwen3b_nf4.csv 160/200 unsafe=34
  completions_cres_qwen3b_nf4.csv 200/200 unsafe=45
HARMFUL-RESPONSE RATE  completions_cres_qwen3b_nf4.csv: 22.5%  (45/200)
  completions_cres_qwen7b_awq.csv 40/200 unsafe=10
  completions_cres_qwen7b_awq.csv 80/200 unsafe=17
  completions_cres_qwen7b_awq.csv 120/200 unsafe=24
  completions_cres_qwen7b_awq.csv 160/200 unsafe=32
  completions_cres_qwen7b_awq.csv 200/200 unsafe=40
HARMFUL-RESPONSE RATE  completions_cres_qwen7b_awq.csv: 20.0%  (40/200)
  completions_cres_qwen7b_fp16.csv 40/200 unsafe=5
  completions_cres_qwen7b_fp16.csv 80/200 unsafe=14
  completions_cres_qwen7b_fp16.csv 120/200 unsafe=21
  completions_cres_qwen7b_fp16.csv 160/200 unsafe=30
  completions_cres_qwen7b_fp16.csv 200/200 unsafe=40
HARMFUL-RESPONSE RATE  completions_cres_qwen7b_fp16.csv: 20.0%  (40/200)
  completions_cres_qwen7b_gptq.csv 40/200 unsafe=9
  completions_cres_qwen7b_gptq.csv 80/200 unsafe=23
  completions_cres_qwen7b_gptq.csv 120/200 unsafe=31
  completions_cres_qwen7b_gptq.csv 160/200 unsafe=45
  completions_cres_qwen7b_gptq.csv 200/200 unsafe=57
HARMFUL-RESPONSE RATE  completions_cres_qwen7b_gptq.csv: 28.5%  (57/200)
  completions_cres_qwen7b_nf4.csv 40/200 unsafe=6
  completions_cres_qwen7b_nf4.csv 80/200 unsafe=14
  completions_cres_qwen7b_nf4.csv 120/200 unsafe=22
  completions_cres_qwen7b_nf4.csv 160/200 unsafe=28
  completions_cres_qwen7b_nf4.csv 200/200 unsafe=36
HARMFUL-RESPONSE RATE  completions_cres_qwen7b_nf4.csv: 18.0%  (36/200)
  completions_mt_3b_fp16.csv 40/100 unsafe=4
  completions_mt_3b_fp16.csv 80/100 unsafe=6
HARMFUL-RESPONSE RATE      completions_mt_3b_fp16.csv:  6.0%  (6/100)
  completions_mt_3b_fp16_sys.csv 40/100 unsafe=5
  completions_mt_3b_fp16_sys.csv 80/100 unsafe=7
HARMFUL-RESPONSE RATE  completions_mt_3b_fp16_sys.csv:  7.0%  (7/100)
  completions_mt_3b_nf4.csv 40/200 unsafe=5
  completions_mt_3b_nf4.csv 80/200 unsafe=10
  completions_mt_3b_nf4.csv 120/200 unsafe=12
  completions_mt_3b_nf4.csv 160/200 unsafe=12
  completions_mt_3b_nf4.csv 200/200 unsafe=13
HARMFUL-RESPONSE RATE       completions_mt_3b_nf4.csv:  6.5%  (13/200)
  completions_mt_8b_awq.csv 40/200 unsafe=4
  completions_mt_8b_awq.csv 80/200 unsafe=10
  completions_mt_8b_awq.csv 120/200 unsafe=14
  completions_mt_8b_awq.csv 160/200 unsafe=14
  completions_mt_8b_awq.csv 200/200 unsafe=15
HARMFUL-RESPONSE RATE       completions_mt_8b_awq.csv:  7.5%  (15/200)
  completions_mt_8b_fp16.csv 40/100 unsafe=4
  completions_mt_8b_fp16.csv 80/100 unsafe=10
HARMFUL-RESPONSE RATE      completions_mt_8b_fp16.csv: 13.0%  (13/100)
  completions_mt_8b_fp16_sys.csv 40/100 unsafe=1
  completions_mt_8b_fp16_sys.csv 80/100 unsafe=2
HARMFUL-RESPONSE RATE  completions_mt_8b_fp16_sys.csv:  2.0%  (2/100)
  completions_mt_8b_nf4.csv 40/200 unsafe=4
  completions_mt_8b_nf4.csv 80/200 unsafe=9
  completions_mt_8b_nf4.csv 120/200 unsafe=12
  completions_mt_8b_nf4.csv 160/200 unsafe=13
  completions_mt_8b_nf4.csv 200/200 unsafe=13
HARMFUL-RESPONSE RATE       completions_mt_8b_nf4.csv:  6.5%  (13/200)
  completions_mt_mistral7b_fp16.csv 40/100 unsafe=5
  completions_mt_mistral7b_fp16.csv 80/100 unsafe=14
HARMFUL-RESPONSE RATE  completions_mt_mistral7b_fp16.csv: 17.0%  (17/100)
  completions_mt_qwen3b_fp16.csv 40/100 unsafe=1
  completions_mt_qwen3b_fp16.csv 80/100 unsafe=9
HARMFUL-RESPONSE RATE  completions_mt_qwen3b_fp16.csv: 11.0%  (11/100)
  completions_mt_qwen3b_nf4.csv 40/200 unsafe=4
  completions_mt_qwen3b_nf4.csv 80/200 unsafe=10
  completions_mt_qwen3b_nf4.csv 120/200 unsafe=12
  completions_mt_qwen3b_nf4.csv 160/200 unsafe=12
  completions_mt_qwen3b_nf4.csv 200/200 unsafe=12
HARMFUL-RESPONSE RATE   completions_mt_qwen3b_nf4.csv:  6.0%  (12/200)
  completions_mt_qwen7b_awq.csv 40/200 unsafe=4
  completions_mt_qwen7b_awq.csv 80/200 unsafe=13
  completions_mt_qwen7b_awq.csv 120/200 unsafe=18
  completions_mt_qwen7b_awq.csv 160/200 unsafe=19
  completions_mt_qwen7b_awq.csv 200/200 unsafe=20
HARMFUL-RESPONSE RATE   completions_mt_qwen7b_awq.csv: 10.0%  (20/200)
  completions_mt_qwen7b_fp16.csv 40/100 unsafe=5
  completions_mt_qwen7b_fp16.csv 80/100 unsafe=11
HARMFUL-RESPONSE RATE  completions_mt_qwen7b_fp16.csv: 12.0%  (12/100)
  completions_mt_qwen7b_nf4.csv 40/200 unsafe=5
  completions_mt_qwen7b_nf4.csv 80/200 unsafe=11
  completions_mt_qwen7b_nf4.csv 120/200 unsafe=15
  completions_mt_qwen7b_nf4.csv 160/200 unsafe=17
  completions_mt_qwen7b_nf4.csv 200/200 unsafe=17
HARMFUL-RESPONSE RATE   completions_mt_qwen7b_nf4.csv:  8.5%  (17/200)
  completions_st_3b_fp16.csv 40/100 unsafe=6
  completions_st_3b_fp16.csv 80/100 unsafe=10
HARMFUL-RESPONSE RATE      completions_st_3b_fp16.csv: 10.0%  (10/100)
  completions_st_3b_fp16_sys.csv 40/100 unsafe=7
  completions_st_3b_fp16_sys.csv 80/100 unsafe=16
HARMFUL-RESPONSE RATE  completions_st_3b_fp16_sys.csv: 17.0%  (17/100)
  completions_st_3b_nf4.csv 40/200 unsafe=10
  completions_st_3b_nf4.csv 80/200 unsafe=14
  completions_st_3b_nf4.csv 120/200 unsafe=23
  completions_st_3b_nf4.csv 160/200 unsafe=28
  completions_st_3b_nf4.csv 200/200 unsafe=36
HARMFUL-RESPONSE RATE       completions_st_3b_nf4.csv: 18.0%  (36/200)
  completions_st_8b_awq.csv 40/200 unsafe=11
  completions_st_8b_awq.csv 80/200 unsafe=18
  completions_st_8b_awq.csv 120/200 unsafe=28
  completions_st_8b_awq.csv 160/200 unsafe=37
  completions_st_8b_awq.csv 200/200 unsafe=46
HARMFUL-RESPONSE RATE       completions_st_8b_awq.csv: 23.0%  (46/200)
  completions_st_8b_fp16.csv 40/100 unsafe=12
  completions_st_8b_fp16.csv 80/100 unsafe=27
HARMFUL-RESPONSE RATE      completions_st_8b_fp16.csv: 32.0%  (32/100)
  completions_st_8b_fp16_sys.csv 40/100 unsafe=10
  completions_st_8b_fp16_sys.csv 80/100 unsafe=26
HARMFUL-RESPONSE RATE  completions_st_8b_fp16_sys.csv: 34.0%  (34/100)
  completions_st_8b_nf4.csv 40/200 unsafe=6
  completions_st_8b_nf4.csv 80/200 unsafe=18
  completions_st_8b_nf4.csv 120/200 unsafe=23
  completions_st_8b_nf4.csv 160/200 unsafe=28
  completions_st_8b_nf4.csv 200/200 unsafe=36
HARMFUL-RESPONSE RATE       completions_st_8b_nf4.csv: 18.0%  (36/200)
  completions_st_mistral7b_fp16.csv 40/100 unsafe=20
  completions_st_mistral7b_fp16.csv 80/100 unsafe=40
HARMFUL-RESPONSE RATE  completions_st_mistral7b_fp16.csv: 50.0%  (50/100)
  completions_st_qwen3b_fp16.csv 40/100 unsafe=0
  completions_st_qwen3b_fp16.csv 80/100 unsafe=0
HARMFUL-RESPONSE RATE  completions_st_qwen3b_fp16.csv:  0.0%  (0/100)
  completions_st_qwen3b_nf4.csv 40/200 unsafe=0
  completions_st_qwen3b_nf4.csv 80/200 unsafe=1
  completions_st_qwen3b_nf4.csv 120/200 unsafe=1
  completions_st_qwen3b_nf4.csv 160/200 unsafe=1
  completions_st_qwen3b_nf4.csv 200/200 unsafe=1
HARMFUL-RESPONSE RATE   completions_st_qwen3b_nf4.csv:  0.5%  (1/200)
  completions_st_qwen7b_awq.csv 40/200 unsafe=0
  completions_st_qwen7b_awq.csv 80/200 unsafe=0
  completions_st_qwen7b_awq.csv 120/200 unsafe=0
  completions_st_qwen7b_awq.csv 160/200 unsafe=1
  completions_st_qwen7b_awq.csv 200/200 unsafe=1
HARMFUL-RESPONSE RATE   completions_st_qwen7b_awq.csv:  0.5%  (1/200)
  completions_st_qwen7b_fp16.csv 40/100 unsafe=0
  completions_st_qwen7b_fp16.csv 80/100 unsafe=0
HARMFUL-RESPONSE RATE  completions_st_qwen7b_fp16.csv:  0.0%  (0/100)
  completions_st_qwen7b_gptq.csv 40/200 unsafe=0
  completions_st_qwen7b_gptq.csv 80/200 unsafe=1
  completions_st_qwen7b_gptq.csv 120/200 unsafe=1
  completions_st_qwen7b_gptq.csv 160/200 unsafe=3
  completions_st_qwen7b_gptq.csv 200/200 unsafe=3
HARMFUL-RESPONSE RATE  completions_st_qwen7b_gptq.csv:  1.5%  (3/200)
  completions_st_qwen7b_nf4.csv 40/200 unsafe=0
  completions_st_qwen7b_nf4.csv 80/200 unsafe=0
  completions_st_qwen7b_nf4.csv 120/200 unsafe=0
  completions_st_qwen7b_nf4.csv 160/200 unsafe=1
  completions_st_qwen7b_nf4.csv 200/200 unsafe=1
HARMFUL-RESPONSE RATE   completions_st_qwen7b_nf4.csv:  0.5%  (1/200)
